<html>
<body>
<pre>
<h1>礦ision Build Log</h1>
<h2>Tool Versions:</h2>
IDE-Version: μVision V5.16.0.0
Copyright (C) 2015 ARM Ltd and ARM Germany GmbH. All rights reserved.
License Information: FDASD ASDG, AD, LIC=CZLZ9-40B22-GKIBG-VJJSS-JQC6A-8W0DU
 
Tool Versions:
Toolchain:       MDK-ARM Standard  Version: 5.16.0.0
Toolchain Path:  D:\Keil_v5\ARM\ARMCC\Bin
C Compiler:      Armcc.exe V5.06 (build 20)
Assembler:       Armasm.exe V5.06 (build 20)
Linker/Locator:  ArmLink.exe V5.06 (build 20)
Library Manager: ArmAr.exe V5.06 (build 20)
Hex Converter:   FromElf.exe V5.06 (build 20)
CPU DLL:         SARMCM3.DLL V5.16.0.0
Dialog DLL:      DCM.DLL V1.13.2.0
Target DLL:      Segger\JL2CM3.dll V2.99.15.2
Dialog DLL:      TCM.DLL V1.14.5.0
 
<h2>Project:</h2>
C:\ZK\2021\21096风扇控制\STM32风扇控制程序\USER\main.uvprojx
Project File Date:  11/27/2020

<h2>Output:</h2>
*** Using Compiler 'V5.06 (build 20)', folder: 'D:\Keil_v5\ARM\ARMCC\Bin'
Rebuild target 'Target 1'
compiling LED.c...
compiling key.c...
compiling stm32f10x_it.c...
compiling system_stm32f10x.c...
compiling timer.c...
compiling sled.c...
compiling main.c...
main.c(163): warning:  #177-D: variable "i" was declared but never referenced
  	u8 i=0;
main.c: 1 warning, 0 errors
assembling startup_stm32f10x_md.s...
compiling ds18b20.c...
compiling timer_pwm.c...
compiling core_cm3.c...
compiling misc.c...
compiling stm32f10x_gpio.c...
compiling stm32f10x_rcc.c...
compiling stm32f10x_usart.c...
compiling stm32f10x_adc.c...
compiling stm32f10x_bkp.c...
compiling stm32f10x_tim.c...
compiling stm32f10x_rtc.c...
compiling stm32f10x_pwr.c...
compiling stm32f10x_exti.c...
compiling core_cm3.c...
compiling delay.c...
compiling sys.c...
linking...
..\OBJ\main.axf: Warning: L6304W: Duplicate input file ..\obj\core_cm3_1.o ignored.
Program Size: Code=11960 RO-data=268 RW-data=100 ZI-data=1636  
Finished: 0 information, 1 warning and 0 error messages.
FromELF: creating hex file...
"..\OBJ\main.axf" - 0 Error(s), 2 Warning(s).

<h2>Collection of Component include folders:</h2>
  C:\ZK\2021\21096风扇控制\STM32风扇控制程序\USER\RTE
  D:\Keil_v5\ARM\PACK\Keil\STM32F1xx_DFP\1.1.0\Device\Include

<h2>Collection of Component Files used:</h2>
Build Time Elapsed:  00:00:02
</pre>
</body>
</html>
